[02:32:45] loading expression ...
[02:32:51] setting binarization=tertile ...
    Spearman=0.81 (p=8.4e-15) n=59 median_ext=0.696
[02:33:13] setting binarization=median ...
    Spearman=0.808 (p=1.0e-14) n=59 median_ext=0.648
[02:33:40] setting binarization=quartile ...
    Spearman=0.768 (p=2.0e-12) n=58 median_ext=0.734
[02:33:58] setting n_features=50 ...
    Spearman=0.777 (p=4.8e-13) n=59 median_ext=0.691
[02:34:18] setting n_features=100 ...
    Spearman=0.773 (p=7.2e-13) n=59 median_ext=0.692
[02:34:38] setting n_features=200 ...
    Spearman=0.81 (p=8.4e-15) n=59 median_ext=0.696
[02:34:59] setting n_features=500 ...
    Spearman=0.802 (p=2.4e-14) n=59 median_ext=0.71
[02:35:22] setting selection=point-biserial ...
    Spearman=0.81 (p=8.4e-15) n=59 median_ext=0.696
[02:35:43] setting selection=mutual-info ...
    Spearman=0.8 (p=3.0e-14) n=59 median_ext=0.699
[02:37:41] setting selection=lasso ...
    Spearman=0.811 (p=6.8e-15) n=59 median_ext=0.706
[done]
